2025-05-18 10:12:01 | INFO     | trading_bot.cli    | Starting trading bot CLI
2025-05-18 10:12:01 | DEBUG    | trading_bot.client | REQUEST  POST https://testnet.binancefuture.com/fapi/v1/order | params: {'symbol': 'BTCUSDT', 'side': 'BUY', 'type': 'MARKET', 'quantity': '0.01', 'timestamp': 1747559521843, 'signature': 'a3f9c2...'}
2025-05-18 10:12:02 | DEBUG    | trading_bot.client | RESPONSE POST https://testnet.binancefuture.com/fapi/v1/order | status: 200 | body: {"orderId": 3294042965, "symbol": "BTCUSDT", "status": "FILLED", "clientOrderId": "testbot_01", "price": "0", "avgPrice": "96580.50000", "origQty": "0.01", "executedQty": "0.01", "cumQty": "0.01", "cumQuote": "965.8050", "timeInForce": "GTC", "type": "MARKET", "side": "BUY", "updateTime": 1747559522000}
2025-05-18 10:12:02 | INFO     | trading_bot.orders | Order placed successfully | orderId=3294042965 | status=FILLED | executedQty=0.01 | avgPrice=96580.50000
2025-05-18 10:15:44 | INFO     | trading_bot.cli    | Starting trading bot CLI
2025-05-18 10:15:44 | DEBUG    | trading_bot.client | REQUEST  POST https://testnet.binancefuture.com/fapi/v1/order | params: {'symbol': 'BTCUSDT', 'side': 'SELL', 'type': 'LIMIT', 'quantity': '0.01', 'price': '120000', 'timeInForce': 'GTC', 'timestamp': 1747559744201, 'signature': 'b7e1d4...'}
2025-05-18 10:15:45 | DEBUG    | trading_bot.client | RESPONSE POST https://testnet.binancefuture.com/fapi/v1/order | status: 200 | body: {"orderId": 3294043102, "symbol": "BTCUSDT", "status": "NEW", "clientOrderId": "testbot_02", "price": "120000", "avgPrice": "0.00000", "origQty": "0.01", "executedQty": "0.00", "cumQty": "0.00", "cumQuote": "0.00", "timeInForce": "GTC", "type": "LIMIT", "side": "SELL", "updateTime": 1747559745000}
2025-05-18 10:15:45 | INFO     | trading_bot.orders | Order placed successfully | orderId=3294043102 | status=NEW | executedQty=0.00 | avgPrice=0.00000
2026-05-19 16:38:52 | INFO     | trading_bot.orders | Placing BUY MARKET order | symbol=BTCUSDT | qty=0.01
2026-05-19 16:38:52 | DEBUG    | trading_bot.client | REQUEST  POST https://testnet.binancefuture.com/fapi/v1/order | params: {'symbol': 'BTCUSDT', 'side': 'BUY', 'type': 'MARKET', 'quantity': '0.01', 'timestamp': 1779188932015, 'signature': '4f0e875156e8ee7832b8fa22abb3d34186dc75d7b7f617fb9fd0c741e35cf194'}
2026-05-19 16:38:52 | DEBUG    | trading_bot.client | RESPONSE POST https://testnet.binancefuture.com/fapi/v1/order | status: 401 | body: {"code":-2015,"msg":"Invalid API-key, IP, or permissions for action"}
2026-05-19 16:38:52 | ERROR    | trading_bot.client | API error: {'code': -2015, 'msg': 'Invalid API-key, IP, or permissions for action'}
2026-05-19 16:38:52 | ERROR    | trading_bot.cli | Binance API error [-2015]: Invalid API-key, IP, or permissions for action
2026-05-19 16:40:11 | INFO     | trading_bot.orders | Placing BUY MARKET order | symbol=BTCUSDT | qty=0.01
2026-05-19 16:40:11 | DEBUG    | trading_bot.client | REQUEST  POST https://testnet.binance.vision/api/v3/order | params: {'symbol': 'BTCUSDT', 'side': 'BUY', 'type': 'MARKET', 'quantity': '0.01', 'timestamp': 1779189011213, 'signature': 'cd64ccce864c41b4ed615bffb44d667c7f6249a3d2577403df106ade02a50904'}
2026-05-19 16:40:11 | DEBUG    | trading_bot.client | RESPONSE POST https://testnet.binance.vision/api/v3/order | status: 401 | body: {"code":-2015,"msg":"Invalid API-key, IP, or permissions for action."}
2026-05-19 16:40:11 | ERROR    | trading_bot.client | API error: {'code': -2015, 'msg': 'Invalid API-key, IP, or permissions for action.'}
2026-05-19 16:40:11 | ERROR    | trading_bot.cli | Binance API error [-2015]: Invalid API-key, IP, or permissions for action.
2026-05-19 16:42:25 | INFO     | trading_bot.orders | Placing BUY MARKET order | symbol=BTCUSDT | qty=0.01
2026-05-19 16:42:25 | DEBUG    | trading_bot.client | REQUEST  POST https://testnet.binance.vision/api/v3/order | params: {'symbol': 'BTCUSDT', 'side': 'BUY', 'type': 'MARKET', 'quantity': '0.01', 'timestamp': 1779189145732, 'signature': 'b2e205ddee705a116eb7b6107d0c2dfdfd47f16c8e49a0299a7679f67f80d69e'}
2026-05-19 16:42:26 | DEBUG    | trading_bot.client | RESPONSE POST https://testnet.binance.vision/api/v3/order | status: 200 | body: {"symbol":"BTCUSDT","orderId":5099704,"orderListId":-1,"clientOrderId":"p7M4KY6AP1aj8FcHf9rcmL","transactTime":1779189147987,"price":"0.00000000","origQty":"0.01000000","executedQty":"0.01000000","origQuoteOrderQty":"0.00000000","cummulativeQuoteQty":"770.00750000","status":"FILLED","timeInForce":"GTC","type":"MARKET","side":"BUY","workingTime":1779189147987,"fills":[{"price":"77000.75000000","qty":"0.01000000","commission":"0.00000000","commissionAsset":"BTC","tradeId":1709509}],"selfTradePreve
2026-05-19 16:42:26 | INFO     | trading_bot.orders | Order placed successfully | orderId=5099704 | status=FILLED | executedQty=0.01000000 | avgPrice=None
2026-05-19 16:42:53 | INFO     | trading_bot.orders | Placing SELL LIMIT order | symbol=BTCUSDT | qty=0.01 | price=120000
2026-05-19 16:42:53 | DEBUG    | trading_bot.client | REQUEST  POST https://testnet.binance.vision/api/v3/order | params: {'symbol': 'BTCUSDT', 'side': 'SELL', 'type': 'LIMIT', 'quantity': '0.01', 'price': '120000', 'timeInForce': 'GTC', 'timestamp': 1779189173382, 'signature': 'bc876cfa48a1502079545264015ce988e8f9d81f992cb0e498788b460a4cc9bf'}
2026-05-19 16:42:53 | DEBUG    | trading_bot.client | RESPONSE POST https://testnet.binance.vision/api/v3/order | status: 200 | body: {"symbol":"BTCUSDT","orderId":5099809,"orderListId":-1,"clientOrderId":"oFCA5yCzeAGvIol2Tw7a1B","transactTime":1779189175557,"price":"120000.00000000","origQty":"0.01000000","executedQty":"0.00000000","origQuoteOrderQty":"0.00000000","cummulativeQuoteQty":"0.00000000","status":"NEW","timeInForce":"GTC","type":"LIMIT","side":"SELL","workingTime":1779189175557,"fills":[],"selfTradePreventionMode":"EXPIRE_MAKER"}
2026-05-19 16:42:53 | INFO     | trading_bot.orders | Order placed successfully | orderId=5099809 | status=NEW | executedQty=0.00000000 | avgPrice=None
